[tick    1] score={'score.facility-integrity': 2.0} states=('state.active',) fires_total=0
[tick  100] score={'score.facility-integrity': 2.0} states=('state.active',) fires_total=0
[tick  175] 开火[红] intruder.uav-01 -> sensor.contact.intruder.uav-01.facility.command (weapon.loitering-munition@2.0.0) status=executed
[tick  175] 开火[红] intruder.uav-03 -> sensor.contact.intruder.uav-03.facility.command (weapon.loitering-munition@2.0.0) status=executed
[tick  200] score={'score.facility-integrity': 2.0} states=('state.active',) fires_total=2
[tick  202] 开火[红] intruder.uav-02 -> sensor.contact.intruder.uav-02.facility.command (weapon.loitering-munition@2.0.0) status=executed
[tick  205] 开火[红] intruder.uav-94 -> sensor.contact.intruder.uav-94.facility.command (weapon.loitering-munition@2.0.0) status=executed
[tick  210] 开火[红] intruder.uav-04 -> sensor.contact.intruder.uav-04.facility.command (weapon.loitering-munition@2.0.0) status=executed
[tick  300] score={'score.facility-integrity': 2.0} states=('state.active',) fires_total=5
[tick  400] score={'score.facility-integrity': 2.0} states=('state.active',) fires_total=5
[tick  500] score={'score.facility-integrity': 2.0} states=('state.active',) fires_total=5
[tick  600] score={'score.facility-integrity': 2.0} states=('state.active',) fires_total=5
[tick  690] 开火[红] intruder.boat-02 -> sensor.contact.intruder.boat-02.defender.usv-03 (weapon.suicide-warhead@2.0.0) status=executed
[tick  700] score={'score.facility-integrity': 2.0} states=('state.active',) fires_total=6
[tick  701] 开火[红] intruder.boat-93 -> sensor.contact.intruder.boat-93.facility.berth (weapon.suicide-warhead@2.0.0) status=executed
[tick  703] 终局达成，立即终止: intruder_success (rule.assets-lost)

== 策略记分卡 ==
  rule       overall=0.050 w=1.00 term=0.00 fac=0.00 depth=0.00 leak=0.50 exch=0.00 ammo=0.00 surf=0.00 | depth_mean=153.3 intercept=0.20 release=0.50
  无人机损失 蓝 0/4  红 2/10
  无人船损失 蓝 1/5  红 0/8
  拦截纵深 mean=153.3 m  拦截率=0.2  漏防率=0.5
  设施加权存活=0.0  摧毁=2  失能=2
  总体策略评分 防守方=0.0503  突防方=0.9497
[Taichi] version 1.7.3, llvm 15.0.4, commit 5ec301be, linux, python 3.11.16
[Taichi] Starting on arch=x64
