[tick    1] score={'score.facility-integrity': 2.0} states=('state.active',) fires_total=0
[tick   24] 开火[蓝] defender.uav-04 -> sensor.contact.defender.uav-04.intruder.uav-01 (weapon.air-interceptor-munition@2.0.0) status=executed
[tick   36] 开火[蓝] defender.uav-04 -> sensor.contact.defender.uav-04.intruder.uav-01 (weapon.air-interceptor-munition@2.0.0) status=executed
[tick   60] 开火[蓝] defender.uav-03 -> sensor.contact.defender.uav-03.intruder.uav-03 (weapon.air-interceptor-munition@2.0.0) status=executed
[tick   72] 开火[蓝] defender.uav-03 -> sensor.contact.defender.uav-03.intruder.uav-03 (weapon.air-interceptor-munition@2.0.0) status=executed
[tick  100] score={'score.facility-integrity': 2.0} states=('state.active',) fires_total=4
[tick  100] 开火[蓝] defender.uav-04 -> sensor.contact.defender.uav-04.intruder.uav-02 (weapon.air-interceptor-munition@2.0.0) status=executed
[tick  108] 开火[蓝] defender.usv-05 -> sensor.contact.defender.usv-05.intruder.boat-93 (weapon.surface-missile@2.0.0) status=executed
[tick  120] 开火[蓝] defender.usv-05 -> sensor.contact.defender.usv-05.intruder.boat-93 (weapon.surface-missile@2.0.0) status=executed
[tick  130] 开火[蓝] defender.uav-02 -> sensor.contact.defender.uav-02.intruder.uav-94 (weapon.air-interceptor-munition@2.0.0) status=executed
[tick  142] 开火[蓝] defender.uav-02 -> sensor.contact.defender.uav-02.intruder.uav-94 (weapon.air-interceptor-munition@2.0.0) status=executed
[tick  180] 开火[蓝] defender.uav-01 -> sensor.contact.defender.uav-01.intruder.uav-04 (weapon.air-interceptor-munition@2.0.0) status=executed
[tick  192] 开火[蓝] defender.uav-01 -> sensor.contact.defender.uav-01.intruder.uav-04 (weapon.air-interceptor-munition@2.0.0) status=executed
[tick  200] score={'score.facility-integrity': 2.0} states=('state.active',) fires_total=11
[tick  220] 开火[蓝] defender.uav-02 -> sensor.contact.defender.uav-02.intruder.uav-01-p001 (weapon.air-interceptor-munition@2.0.0) status=executed
[tick  250] 开火[蓝] defender.usv-01 -> sensor.contact.defender.usv-01.intruder.boat-03 (weapon.surface-missile@2.0.0) status=executed
[tick  262] 开火[蓝] defender.usv-01 -> sensor.contact.defender.usv-01.intruder.boat-03 (weapon.surface-missile@2.0.0) status=executed
[tick  300] score={'score.facility-integrity': 2.0} states=('state.active',) fires_total=14
[tick  350] 开火[蓝] defender.usv-03 -> sensor.contact.defender.usv-03.intruder.boat-01 (weapon.surface-missile@2.0.0) status=executed
[tick  362] 开火[蓝] defender.usv-03 -> sensor.contact.defender.usv-03.intruder.boat-01 (weapon.surface-missile@2.0.0) status=executed
[tick  400] score={'score.facility-integrity': 2.0} states=('state.active',) fires_total=16
[tick  442] 开火[红] intruder.boat-01 -> sensor.contact.intruder.boat-01.defender.usv-04 (weapon.suicide-warhead@2.0.0) status=executed
[tick  500] score={'score.facility-integrity': 2.0} states=('state.active',) fires_total=17
[tick  600] score={'score.facility-integrity': 2.0} states=('state.active',) fires_total=17
[tick  700] score={'score.facility-integrity': 2.0} states=('state.active',) fires_total=17
[tick  800] score={'score.facility-integrity': 2.0} states=('state.active',) fires_total=17
[tick  891] 开火[红] intruder.boat-02 -> sensor.contact.intruder.boat-02.facility.berth (weapon.suicide-warhead@2.0.0) status=executed
[tick  900] score={'score.facility-integrity': 2.0} states=('state.active',) fires_total=18
[tick 1000] score={'score.facility-integrity': 2.0} states=('state.active',) fires_total=18
[tick 1100] score={'score.facility-integrity': 2.0} states=('state.active',) fires_total=18
[tick 1199] 终局达成，立即终止: defender_success (rule.defence-success)

== 策略记分卡 ==
  rule       overall=0.663 w=1.00 term=1.00 fac=0.60 depth=0.18 leak=1.00 exch=1.00 ammo=0.88 surf=0.33 | depth_mean=10845.8 intercept=0.33 release=0.00
  无人机损失 蓝 0/4  红 5/15
  无人船损失 蓝 4/5  红 4/12
  拦截纵深 mean=10845.8 m  拦截率=0.3333  漏防率=0.0667
  设施加权存活=0.6  摧毁=1  失能=1
  总体策略评分 防守方=0.6632  突防方=0.3368
[Taichi] version 1.7.3, llvm 15.0.4, commit 5ec301be, linux, python 3.11.16
[Taichi] Starting on arch=x64
