[tick    1] score={'score.facility-integrity': 2.0} states=('state.active',) fires_total=0
[tick   43] 开火[蓝] defender.uav-01 -> sensor.contact.defender.uav-01.intruder.uav-01 (weapon.air-interceptor-munition@2.0.0) status=executed
[tick   55] 开火[蓝] defender.uav-01 -> sensor.contact.defender.uav-01.intruder.uav-01 (weapon.air-interceptor-munition@2.0.0) status=executed
[tick   80] 开火[蓝] defender.uav-02 -> sensor.contact.defender.uav-02.intruder.uav-03 (weapon.air-interceptor-munition@2.0.0) status=executed
[tick   92] 开火[蓝] defender.uav-02 -> sensor.contact.defender.uav-02.intruder.uav-03 (weapon.air-interceptor-munition@2.0.0) status=executed
[tick  100] score={'score.facility-integrity': 2.0} states=('state.active',) fires_total=4
[tick  103] 开火[蓝] defender.usv-02 -> sensor.contact.defender.usv-02.intruder.boat-93 (weapon.surface-missile@2.0.0) status=executed
[tick  115] 开火[蓝] defender.usv-02 -> sensor.contact.defender.usv-02.intruder.boat-93 (weapon.surface-missile@2.0.0) status=executed
[tick  120] 开火[蓝] defender.uav-01 -> sensor.contact.defender.uav-01.intruder.uav-02 (weapon.air-interceptor-munition@2.0.0) status=executed
[tick  150] 开火[蓝] defender.uav-04 -> sensor.contact.defender.uav-04.intruder.uav-94 (weapon.air-interceptor-munition@2.0.0) status=executed
[tick  162] 开火[蓝] defender.uav-04 -> sensor.contact.defender.uav-04.intruder.uav-94 (weapon.air-interceptor-munition@2.0.0) status=executed
[tick  180] 开火[蓝] defender.uav-03 -> sensor.contact.defender.uav-03.intruder.uav-04 (weapon.air-interceptor-munition@2.0.0) status=executed
[tick  192] 开火[蓝] defender.uav-03 -> sensor.contact.defender.uav-03.intruder.uav-04 (weapon.air-interceptor-munition@2.0.0) status=executed
[tick  200] score={'score.facility-integrity': 2.0} states=('state.active',) fires_total=11
[tick  210] 开火[红] intruder.uav-04 -> sensor.contact.intruder.uav-04.facility.command (weapon.loitering-munition@2.0.0) status=executed
[tick  228] 开火[蓝] defender.uav-02 -> sensor.contact.defender.uav-02.intruder.uav-01-p001 (weapon.air-interceptor-munition@2.0.0) status=executed
[tick  240] 开火[蓝] defender.usv-04 -> sensor.contact.defender.usv-04.intruder.boat-03 (weapon.surface-missile@2.0.0) status=executed
[tick  253] 开火[蓝] defender.usv-04 -> sensor.contact.defender.usv-04.intruder.boat-03 (weapon.surface-missile@2.0.0) status=executed
[tick  288] 开火[蓝] defender.uav-03 -> sensor.contact.defender.uav-03.intruder.uav-03-p005 (weapon.air-interceptor-munition@2.0.0) status=executed
[tick  300] score={'score.facility-integrity': 2.0} states=('state.active',) fires_total=16
[tick  330] 开火[蓝] defender.uav-04 -> sensor.contact.defender.uav-04.intruder.uav-02-p003 (weapon.air-interceptor-munition@2.0.0) status=executed
[tick  370] 开火[蓝] defender.usv-05 -> sensor.contact.defender.usv-05.intruder.boat-01 (weapon.surface-missile@2.0.0) status=executed
[tick  382] 开火[蓝] defender.usv-05 -> sensor.contact.defender.usv-05.intruder.boat-01 (weapon.surface-missile@2.0.0) status=executed
[tick  400] score={'score.facility-integrity': 2.0} states=('state.active',) fires_total=19
[tick  500] score={'score.facility-integrity': 2.0} states=('state.active',) fires_total=19
[tick  507] 开火[蓝] defender.usv-03 -> sensor.contact.defender.usv-03.intruder.boat-02 (weapon.surface-missile@2.0.0) status=executed
[tick  519] 开火[蓝] defender.usv-03 -> sensor.contact.defender.usv-03.intruder.boat-02 (weapon.surface-missile@2.0.0) status=executed
[tick  600] score={'score.facility-integrity': 2.0} states=('state.active',) fires_total=21
[tick  700] score={'score.facility-integrity': 2.0} states=('state.active',) fires_total=21
[tick  800] score={'score.facility-integrity': 2.0} states=('state.active',) fires_total=21
[tick  849] 开火[蓝] defender.usv-01 -> sensor.contact.defender.usv-01.intruder.boat-93-p008 (weapon.surface-missile@2.0.0) status=executed
[tick  861] 开火[蓝] defender.usv-01 -> sensor.contact.defender.usv-01.intruder.boat-93-p008 (weapon.surface-missile@2.0.0) status=executed
[tick  900] score={'score.facility-integrity': 2.0} states=('state.active',) fires_total=23
[tick 1000] score={'score.facility-integrity': 2.0} states=('state.active',) fires_total=23
[tick 1100] score={'score.facility-integrity': 2.0} states=('state.active',) fires_total=23
[tick 1199] 终局达成，立即终止: defender_success (rule.defence-success)

== 策略记分卡 ==
  rule       overall=0.762 w=1.00 term=1.00 fac=0.64 depth=0.50 leak=0.90 exch=1.00 ammo=1.00 surf=0.62 | depth_mean=12389.8 intercept=0.80 release=0.10
  无人机损失 蓝 0/4  红 8/10
  无人船损失 蓝 0/5  红 5/8
  拦截纵深 mean=12389.8 m  拦截率=0.8  漏防率=0.1
  设施加权存活=0.64  摧毁=0  失能=1
  总体策略评分 防守方=0.7616  突防方=0.2384
[Taichi] version 1.7.3, llvm 15.0.4, commit 5ec301be, linux, python 3.11.16
[Taichi] Starting on arch=x64
