[tick    1] score={'score.facility-integrity': 2.0} states=('state.active',) fires_total=0
[tick   31] 开火[蓝] defender.uav-04 -> sensor.contact.defender.uav-04.intruder.uav-01 (weapon.air-interceptor-munition@2.0.0) status=executed
[tick   43] 开火[蓝] defender.uav-04 -> sensor.contact.defender.uav-04.intruder.uav-01 (weapon.air-interceptor-munition@2.0.0) status=executed
[tick   70] 开火[蓝] defender.uav-03 -> sensor.contact.defender.uav-03.intruder.uav-03 (weapon.air-interceptor-munition@2.0.0) status=executed
[tick   82] 开火[蓝] defender.uav-03 -> sensor.contact.defender.uav-03.intruder.uav-03 (weapon.air-interceptor-munition@2.0.0) status=executed
[tick  100] score={'score.facility-integrity': 2.0} states=('state.active',) fires_total=4
[tick  109] 开火[蓝] defender.usv-02 -> sensor.contact.defender.usv-02.intruder.boat-93 (weapon.surface-missile@2.0.0) status=executed
[tick  110] 开火[蓝] defender.uav-04 -> sensor.contact.defender.uav-04.intruder.uav-02 (weapon.air-interceptor-munition@2.0.0) status=executed
[tick  121] 开火[蓝] defender.usv-02 -> sensor.contact.defender.usv-02.intruder.boat-93 (weapon.surface-missile@2.0.0) status=executed
[tick  130] 开火[蓝] defender.uav-03 -> sensor.contact.defender.uav-03.intruder.uav-94 (weapon.air-interceptor-munition@2.0.0) status=executed
[tick  170] 开火[蓝] defender.uav-01 -> sensor.contact.defender.uav-01.intruder.uav-04 (weapon.air-interceptor-munition@2.0.0) status=executed
[tick  182] 开火[蓝] defender.uav-01 -> sensor.contact.defender.uav-01.intruder.uav-04 (weapon.air-interceptor-munition@2.0.0) status=executed
[tick  200] score={'score.facility-integrity': 2.0} states=('state.active',) fires_total=10
[tick  216] 开火[蓝] defender.uav-01 -> sensor.contact.defender.uav-01.intruder.uav-01-p001 (weapon.air-interceptor-munition@2.0.0) status=executed
[tick  240] 开火[蓝] defender.usv-01 -> sensor.contact.defender.usv-01.intruder.boat-03 (weapon.surface-missile@2.0.0) status=executed
[tick  252] 开火[蓝] defender.usv-01 -> sensor.contact.defender.usv-01.intruder.boat-03 (weapon.surface-missile@2.0.0) status=executed
[tick  300] score={'score.facility-integrity': 2.0} states=('state.active',) fires_total=13
[tick  308] 开火[蓝] defender.uav-02 -> sensor.contact.defender.uav-02.intruder.uav-03-p005 (weapon.air-interceptor-munition@2.0.0) status=executed
[tick  320] 开火[蓝] defender.uav-02 -> sensor.contact.defender.uav-02.intruder.uav-03-p005 (weapon.air-interceptor-munition@2.0.0) status=executed
[tick  350] 开火[蓝] defender.uav-02 -> sensor.contact.defender.uav-02.intruder.uav-02-p003 (weapon.air-interceptor-munition@2.0.0) status=executed
[tick  400] score={'score.facility-integrity': 2.0} states=('state.active',) fires_total=16
[tick  406] 开火[红] intruder.boat-03 -> sensor.contact.intruder.boat-03.defender.usv-04 (weapon.suicide-warhead@2.0.0) status=executed
[tick  500] score={'score.facility-integrity': 2.0} states=('state.active',) fires_total=17
[tick  520] 开火[蓝] defender.usv-03 -> sensor.contact.defender.usv-03.intruder.boat-01 (weapon.surface-missile@2.0.0) status=executed
[tick  535] 开火[蓝] defender.usv-03 -> sensor.contact.defender.usv-03.intruder.boat-01 (weapon.surface-missile@2.0.0) status=executed
[tick  593] 开火[蓝] defender.usv-05 -> sensor.contact.defender.usv-05.intruder.boat-02 (weapon.surface-missile@2.0.0) status=executed
[tick  600] score={'score.facility-integrity': 2.0} states=('state.active',) fires_total=20
[tick  605] 开火[蓝] defender.usv-05 -> sensor.contact.defender.usv-05.intruder.boat-02 (weapon.surface-missile@2.0.0) status=executed
[tick  700] score={'score.facility-integrity': 2.0} states=('state.active',) fires_total=21
[tick  800] score={'score.facility-integrity': 2.0} states=('state.active',) fires_total=21
[tick  900] score={'score.facility-integrity': 2.0} states=('state.active',) fires_total=21
[tick 1000] score={'score.facility-integrity': 2.0} states=('state.active',) fires_total=21
[tick 1100] score={'score.facility-integrity': 2.0} states=('state.active',) fires_total=21
[tick 1199] 终局达成，立即终止: defender_success (rule.defence-success)

== 策略记分卡 ==
  rule       overall=0.852 w=1.00 term=1.00 fac=1.00 depth=0.51 leak=1.00 exch=1.00 ammo=1.00 surf=0.50 | depth_mean=12712.2 intercept=0.80 release=0.00
  无人机损失 蓝 0/4  红 8/10
  无人船损失 蓝 2/5  红 4/8
  拦截纵深 mean=12712.2 m  拦截率=0.8  漏防率=0.0
  设施加权存活=1.0  摧毁=0  失能=0
  总体策略评分 防守方=0.8517  突防方=0.1483
[Taichi] version 1.7.3, llvm 15.0.4, commit 5ec301be, linux, python 3.11.16
[Taichi] Starting on arch=x64
