[tick    1] score={'score.facility-integrity': 2.0} states=('state.active',) fires_total=0
[tick   31] 开火[蓝] defender.uav-04 -> sensor.contact.defender.uav-04.intruder.uav-01 (weapon.air-interceptor-munition@2.0.0) status=executed
[tick   43] 开火[蓝] defender.uav-04 -> sensor.contact.defender.uav-04.intruder.uav-01 (weapon.air-interceptor-munition@2.0.0) status=executed
[tick   70] 开火[蓝] defender.uav-03 -> sensor.contact.defender.uav-03.intruder.uav-03 (weapon.air-interceptor-munition@2.0.0) status=executed
[tick   82] 开火[蓝] defender.uav-03 -> sensor.contact.defender.uav-03.intruder.uav-03 (weapon.air-interceptor-munition@2.0.0) status=executed
[tick  100] score={'score.facility-integrity': 2.0} states=('state.active',) fires_total=4
[tick  109] 开火[蓝] defender.usv-02 -> sensor.contact.defender.usv-02.intruder.boat-93 (weapon.surface-missile@2.0.0) status=executed
[tick  110] 开火[蓝] defender.uav-04 -> sensor.contact.defender.uav-04.intruder.uav-02 (weapon.air-interceptor-munition@2.0.0) status=executed
[tick  121] 开火[蓝] defender.usv-02 -> sensor.contact.defender.usv-02.intruder.boat-93 (weapon.surface-missile@2.0.0) status=executed
[tick  200] score={'score.facility-integrity': 2.0} states=('state.active',) fires_total=7
[tick  202] 开火[红] intruder.uav-02 -> sensor.contact.intruder.uav-02.facility.command (weapon.loitering-munition@2.0.0) status=executed
[tick  205] 开火[红] intruder.uav-94 -> sensor.contact.intruder.uav-94.facility.command (weapon.loitering-munition@2.0.0) status=executed
[tick  210] 开火[红] intruder.uav-04 -> sensor.contact.intruder.uav-04.facility.command (weapon.loitering-munition@2.0.0) status=executed
[tick  240] 开火[蓝] defender.usv-01 -> sensor.contact.defender.usv-01.intruder.boat-03 (weapon.surface-missile@2.0.0) status=executed
[tick  252] 开火[蓝] defender.usv-01 -> sensor.contact.defender.usv-01.intruder.boat-03 (weapon.surface-missile@2.0.0) status=executed
[tick  300] score={'score.facility-integrity': 2.0} states=('state.active',) fires_total=12
[tick  360] 开火[蓝] defender.usv-04 -> sensor.contact.defender.usv-04.intruder.boat-01 (weapon.surface-missile@2.0.0) status=executed
[tick  373] 开火[蓝] defender.usv-04 -> sensor.contact.defender.usv-04.intruder.boat-01 (weapon.surface-missile@2.0.0) status=executed
[tick  400] score={'score.facility-integrity': 2.0} states=('state.active',) fires_total=14
[tick  500] score={'score.facility-integrity': 2.0} states=('state.active',) fires_total=14
[tick  600] score={'score.facility-integrity': 2.0} states=('state.active',) fires_total=14
[tick  700] score={'score.facility-integrity': 2.0} states=('state.active',) fires_total=14
[tick  800] score={'score.facility-integrity': 2.0} states=('state.active',) fires_total=14
[tick  817] 开火[红] intruder.boat-01 -> sensor.contact.intruder.boat-01.facility.berth (weapon.suicide-warhead@2.0.0) status=executed
[tick  850] 开火[蓝] defender.usv-03 -> sensor.contact.defender.usv-03.intruder.boat-02 (weapon.surface-missile@2.0.0) status=executed
[tick  862] 开火[蓝] defender.usv-03 -> sensor.contact.defender.usv-03.intruder.boat-02 (weapon.surface-missile@2.0.0) status=executed
[tick  900] score={'score.facility-integrity': 2.0} states=('state.active',) fires_total=17
[tick 1000] score={'score.facility-integrity': 2.0} states=('state.active',) fires_total=17
[tick 1100] score={'score.facility-integrity': 2.0} states=('state.active',) fires_total=17
[tick 1199] 终局达成，立即终止: defender_success (rule.defence-success)

== 策略记分卡 ==
  rule       overall=0.579 w=1.00 term=1.00 fac=0.24 depth=0.24 leak=0.40 exch=1.00 ammo=0.62 surf=1.00 | depth_mean=12152.3 intercept=0.40 release=0.60
  无人机损失 蓝 2/4  红 2/5
  无人船损失 蓝 0/5  红 4/4
  拦截纵深 mean=12152.3 m  拦截率=0.4  漏防率=0.6
  设施加权存活=0.24  摧毁=1  失能=2
  总体策略评分 防守方=0.5794  突防方=0.4206
[Taichi] version 1.7.3, llvm 15.0.4, commit 5ec301be, linux, python 3.11.16
[Taichi] Starting on arch=x64
