[tick    1] score={'score.facility-integrity': 2.0} states=('state.active',) fires_total=0
[tick   27] 开火[蓝] defender.uav-04 -> sensor.contact.defender.uav-04.intruder.uav-01 (weapon.air-interceptor-munition@2.0.0) status=executed
[tick   39] 开火[蓝] defender.uav-04 -> sensor.contact.defender.uav-04.intruder.uav-01 (weapon.air-interceptor-munition@2.0.0) status=executed
[tick   70] 开火[蓝] defender.uav-03 -> sensor.contact.defender.uav-03.intruder.uav-03 (weapon.air-interceptor-munition@2.0.0) status=executed
[tick   82] 开火[蓝] defender.uav-03 -> sensor.contact.defender.uav-03.intruder.uav-03 (weapon.air-interceptor-munition@2.0.0) status=executed
[tick  100] score={'score.facility-integrity': 2.0} states=('state.active',) fires_total=4
[tick  100] 开火[蓝] defender.usv-02 -> sensor.contact.defender.usv-02.intruder.boat-93 (weapon.surface-missile@2.0.0) status=executed
[tick  112] 开火[蓝] defender.usv-02 -> sensor.contact.defender.usv-02.intruder.boat-93 (weapon.surface-missile@2.0.0) status=executed
[tick  120] 开火[蓝] defender.uav-04 -> sensor.contact.defender.uav-04.intruder.uav-02 (weapon.air-interceptor-munition@2.0.0) status=executed
[tick  140] 开火[蓝] defender.uav-01 -> sensor.contact.defender.uav-01.intruder.uav-94 (weapon.air-interceptor-munition@2.0.0) status=executed
[tick  152] 开火[蓝] defender.uav-01 -> sensor.contact.defender.uav-01.intruder.uav-94 (weapon.air-interceptor-munition@2.0.0) status=executed
[tick  180] 开火[蓝] defender.uav-03 -> sensor.contact.defender.uav-03.intruder.uav-04 (weapon.air-interceptor-munition@2.0.0) status=executed
[tick  200] score={'score.facility-integrity': 2.0} states=('state.active',) fires_total=10
[tick  227] 开火[蓝] defender.uav-01 -> sensor.contact.defender.uav-01.intruder.uav-01-p001 (weapon.air-interceptor-munition@2.0.0) status=executed
[tick  300] score={'score.facility-integrity': 2.0} states=('state.active',) fires_total=11
[tick  334] 开火[红] intruder.boat-93 -> sensor.contact.intruder.boat-93.defender.usv-04 (weapon.suicide-warhead@2.0.0) status=executed
[tick  400] score={'score.facility-integrity': 2.0} states=('state.active',) fires_total=12
[tick  410] 开火[蓝] defender.usv-01 -> sensor.contact.defender.usv-01.intruder.boat-03 (weapon.surface-missile@2.0.0) status=executed
[tick  424] 开火[蓝] defender.usv-01 -> sensor.contact.defender.usv-01.intruder.boat-03 (weapon.surface-missile@2.0.0) status=executed
[tick  450] 开火[蓝] defender.usv-03 -> sensor.contact.defender.usv-03.intruder.boat-01 (weapon.surface-missile@2.0.0) status=executed
[tick  462] 开火[蓝] defender.usv-03 -> sensor.contact.defender.usv-03.intruder.boat-01 (weapon.surface-missile@2.0.0) status=executed
[tick  500] score={'score.facility-integrity': 2.0} states=('state.active',) fires_total=16
[tick  600] score={'score.facility-integrity': 2.0} states=('state.active',) fires_total=16
[tick  700] score={'score.facility-integrity': 2.0} states=('state.active',) fires_total=16
[tick  800] score={'score.facility-integrity': 2.0} states=('state.active',) fires_total=16
[tick  817] 开火[红] intruder.boat-01 -> sensor.contact.intruder.boat-01.facility.berth (weapon.suicide-warhead@2.0.0) status=executed
[tick  900] score={'score.facility-integrity': 2.0} states=('state.active',) fires_total=17
[tick 1000] score={'score.facility-integrity': 2.0} states=('state.active',) fires_total=17
[tick 1100] score={'score.facility-integrity': 2.0} states=('state.active',) fires_total=17
[tick 1199] 终局达成，立即终止: defender_success (rule.defence-success)

== 策略记分卡 ==
  rule       overall=0.693 w=1.00 term=1.00 fac=0.60 depth=0.26 leak=1.00 exch=1.00 ammo=0.80 surf=0.50 | depth_mean=10596.4 intercept=0.50 release=0.00
  无人机损失 蓝 0/4  红 5/10
  无人船损失 蓝 2/5  红 4/8
  拦截纵深 mean=10596.4 m  拦截率=0.5  漏防率=0.0
  设施加权存活=0.6  摧毁=1  失能=1
  总体策略评分 防守方=0.693  突防方=0.307
[Taichi] version 1.7.3, llvm 15.0.4, commit 5ec301be, linux, python 3.11.16
[Taichi] Starting on arch=x64
