[tick    1] score={'score.facility-integrity': 2.0} states=('state.active',) fires_total=0
[tick   31] 开火[蓝] defender.uav-04 -> sensor.contact.defender.uav-04.intruder.uav-01 (weapon.air-interceptor-munition@2.0.0) status=executed
[tick   43] 开火[蓝] defender.uav-04 -> sensor.contact.defender.uav-04.intruder.uav-01 (weapon.air-interceptor-munition@2.0.0) status=executed
[tick   80] 开火[蓝] defender.uav-03 -> sensor.contact.defender.uav-03.intruder.uav-03 (weapon.air-interceptor-munition@2.0.0) status=executed
[tick   92] 开火[蓝] defender.uav-03 -> sensor.contact.defender.uav-03.intruder.uav-03 (weapon.air-interceptor-munition@2.0.0) status=executed
[tick  100] score={'score.facility-integrity': 2.0} states=('state.active',) fires_total=4
[tick  109] 开火[蓝] defender.usv-02 -> sensor.contact.defender.usv-02.intruder.boat-93 (weapon.surface-missile@2.0.0) status=executed
[tick  120] 开火[蓝] defender.uav-04 -> sensor.contact.defender.uav-04.intruder.uav-02 (weapon.air-interceptor-munition@2.0.0) status=executed
[tick  121] 开火[蓝] defender.usv-02 -> sensor.contact.defender.usv-02.intruder.boat-93 (weapon.surface-missile@2.0.0) status=executed
[tick  170] 开火[蓝] defender.uav-01 -> sensor.contact.defender.uav-01.intruder.uav-94 (weapon.air-interceptor-munition@2.0.0) status=executed
[tick  183] 开火[蓝] defender.uav-01 -> sensor.contact.defender.uav-01.intruder.uav-94 (weapon.air-interceptor-munition@2.0.0) status=executed
[tick  200] score={'score.facility-integrity': 2.0} states=('state.active',) fires_total=9
[tick  210] 开火[蓝] defender.uav-01 -> sensor.contact.defender.uav-01.intruder.uav-04 (weapon.air-interceptor-munition@2.0.0) status=executed
[tick  210] 开火[红] intruder.uav-04 -> sensor.contact.intruder.uav-04.facility.command (weapon.loitering-munition@2.0.0) status=executed
[tick  240] 开火[蓝] defender.usv-01 -> sensor.contact.defender.usv-01.intruder.boat-03 (weapon.surface-missile@2.0.0) status=executed
[tick  252] 开火[蓝] defender.usv-01 -> sensor.contact.defender.usv-01.intruder.boat-03 (weapon.surface-missile@2.0.0) status=executed
[tick  276] 开火[蓝] defender.uav-03 -> sensor.contact.defender.uav-03.intruder.uav-01-p001 (weapon.air-interceptor-munition@2.0.0) status=executed
[tick  300] score={'score.facility-integrity': 2.0} states=('state.active',) fires_total=14
[tick  320] 开火[蓝] defender.uav-02 -> sensor.contact.defender.uav-02.intruder.uav-01-p010 (weapon.air-interceptor-munition@2.0.0) status=executed
[tick  333] 开火[蓝] defender.uav-02 -> sensor.contact.defender.uav-02.intruder.uav-01-p010 (weapon.air-interceptor-munition@2.0.0) status=executed
[tick  400] score={'score.facility-integrity': 2.0} states=('state.active',) fires_total=16
[tick  421] 开火[蓝] defender.uav-02 -> sensor.contact.defender.uav-02.intruder.uav-03-p014 (weapon.air-interceptor-munition@2.0.0) status=executed
[tick  466] 开火[红] intruder.boat-03 -> sensor.contact.intruder.boat-03.defender.usv-04 (weapon.suicide-warhead@2.0.0) status=executed
[tick  500] score={'score.facility-integrity': 2.0} states=('state.active',) fires_total=18
[tick  520] 开火[蓝] defender.usv-05 -> sensor.contact.defender.usv-05.intruder.boat-01 (weapon.surface-missile@2.0.0) status=executed
[tick  532] 开火[蓝] defender.usv-05 -> sensor.contact.defender.usv-05.intruder.boat-01 (weapon.surface-missile@2.0.0) status=executed
[tick  600] score={'score.facility-integrity': 2.0} states=('state.active',) fires_total=20
[tick  700] score={'score.facility-integrity': 2.0} states=('state.active',) fires_total=20
[tick  800] score={'score.facility-integrity': 2.0} states=('state.active',) fires_total=20
[tick  817] 开火[红] intruder.boat-01 -> sensor.contact.intruder.boat-01.facility.berth (weapon.suicide-warhead@2.0.0) status=executed
[tick  850] 开火[蓝] defender.usv-03 -> sensor.contact.defender.usv-03.intruder.boat-02 (weapon.surface-missile@2.0.0) status=executed
[tick  862] 开火[蓝] defender.usv-03 -> sensor.contact.defender.usv-03.intruder.boat-02 (weapon.surface-missile@2.0.0) status=executed
[tick  900] score={'score.facility-integrity': 2.0} states=('state.active',) fires_total=23
[tick 1000] score={'score.facility-integrity': 2.0} states=('state.active',) fires_total=23
[tick 1100] score={'score.facility-integrity': 2.0} states=('state.active',) fires_total=23
[tick 1199] 终局达成，立即终止: defender_success (rule.defence-success)

== 策略记分卡 ==
  rule       overall=0.674 w=1.00 term=1.00 fac=0.60 depth=0.26 leak=0.93 exch=1.00 ammo=0.90 surf=0.33 | depth_mean=11309.7 intercept=0.47 release=0.07
  无人机损失 蓝 0/4  红 7/15
  无人船损失 蓝 2/5  红 4/12
  拦截纵深 mean=11309.7 m  拦截率=0.4667  漏防率=0.0667
  设施加权存活=0.6  摧毁=1  失能=1
  总体策略评分 防守方=0.6744  突防方=0.3256
[Taichi] version 1.7.3, llvm 15.0.4, commit 5ec301be, linux, python 3.11.16
[Taichi] Starting on arch=x64
