[tick    1] score={'score.facility-integrity': 2.0} states=('state.active',) fires_total=0
[tick   25] 开火[蓝] defender.uav-04 -> sensor.contact.defender.uav-04.intruder.uav-01 (weapon.air-interceptor-munition@2.0.0) status=executed
[tick   37] 开火[蓝] defender.uav-04 -> sensor.contact.defender.uav-04.intruder.uav-01 (weapon.air-interceptor-munition@2.0.0) status=executed
[tick   46] 开火[蓝] defender.uav-03 -> sensor.contact.defender.uav-03.intruder.uav-03 (weapon.air-interceptor-munition@2.0.0) status=executed
[tick   58] 开火[蓝] defender.uav-03 -> sensor.contact.defender.uav-03.intruder.uav-03 (weapon.air-interceptor-munition@2.0.0) status=executed
[tick   90] 开火[蓝] defender.uav-04 -> sensor.contact.defender.uav-04.intruder.uav-02 (weapon.air-interceptor-munition@2.0.0) status=executed
[tick   99] 开火[蓝] defender.usv-02 -> sensor.contact.defender.usv-02.intruder.boat-93 (weapon.surface-missile@2.0.0) status=executed
[tick  100] score={'score.facility-integrity': 2.0} states=('state.active',) fires_total=6
[tick  112] 开火[蓝] defender.usv-02 -> sensor.contact.defender.usv-02.intruder.boat-93 (weapon.surface-missile@2.0.0) status=executed
[tick  200] score={'score.facility-integrity': 2.0} states=('state.active',) fires_total=7
[tick  202] 开火[红] intruder.uav-02 -> sensor.contact.intruder.uav-02.facility.command (weapon.loitering-munition@2.0.0) status=executed
[tick  205] 开火[红] intruder.uav-94 -> sensor.contact.intruder.uav-94.facility.command (weapon.loitering-munition@2.0.0) status=executed
[tick  210] 开火[红] intruder.uav-04 -> sensor.contact.intruder.uav-04.facility.command (weapon.loitering-munition@2.0.0) status=executed
[tick  240] 开火[蓝] defender.usv-04 -> sensor.contact.defender.usv-04.intruder.boat-03 (weapon.surface-missile@2.0.0) status=executed
[tick  252] 开火[蓝] defender.usv-04 -> sensor.contact.defender.usv-04.intruder.boat-03 (weapon.surface-missile@2.0.0) status=executed
[tick  300] score={'score.facility-integrity': 2.0} states=('state.active',) fires_total=12
[tick  388] 开火[红] intruder.boat-03 -> sensor.contact.intruder.boat-03.defender.usv-01 (weapon.suicide-warhead@2.0.0) status=executed
[tick  400] score={'score.facility-integrity': 2.0} states=('state.active',) fires_total=13
[tick  500] score={'score.facility-integrity': 2.0} states=('state.active',) fires_total=13
[tick  600] score={'score.facility-integrity': 2.0} states=('state.active',) fires_total=13
[tick  700] score={'score.facility-integrity': 2.0} states=('state.active',) fires_total=13
[tick  800] score={'score.facility-integrity': 2.0} states=('state.active',) fires_total=13
[tick  810] 开火[蓝] defender.usv-03 -> sensor.contact.defender.usv-03.intruder.boat-01 (weapon.surface-missile@2.0.0) status=executed
[tick  822] 开火[蓝] defender.usv-03 -> sensor.contact.defender.usv-03.intruder.boat-01 (weapon.surface-missile@2.0.0) status=executed
[tick  895] 开火[红] intruder.boat-02 -> sensor.contact.intruder.boat-02.defender.usv-05 (weapon.suicide-warhead@2.0.0) status=executed
[tick  900] score={'score.facility-integrity': 2.0} states=('state.active',) fires_total=16
[tick 1000] score={'score.facility-integrity': 2.0} states=('state.active',) fires_total=16
[tick 1100] score={'score.facility-integrity': 2.0} states=('state.active',) fires_total=16
[tick 1199] 终局达成，立即终止: defender_success (rule.defence-success)

== 策略记分卡 ==
  rule       overall=0.511 w=1.00 term=1.00 fac=0.41 depth=0.09 leak=0.80 exch=0.50 ammo=0.55 surf=0.33 | depth_mean=12754.3 intercept=0.13 release=0.20
  无人机损失 蓝 2/4  红 2/15
  无人船损失 蓝 2/5  红 4/12
  拦截纵深 mean=12754.3 m  拦截率=0.1333  漏防率=0.2
  设施加权存活=0.4141  摧毁=0  失能=2
  总体策略评分 防守方=0.5111  突防方=0.4889
[Taichi] version 1.7.3, llvm 15.0.4, commit 5ec301be, linux, python 3.11.16
[Taichi] Starting on arch=x64
