[tick    1] score={'score.facility-integrity': 2.0} states=('state.active',) fires_total=0
[tick   43] 开火[蓝] defender.uav-01 -> sensor.contact.defender.uav-01.intruder.uav-01 (weapon.air-interceptor-munition@2.0.0) status=executed
[tick   55] 开火[蓝] defender.uav-01 -> sensor.contact.defender.uav-01.intruder.uav-01 (weapon.air-interceptor-munition@2.0.0) status=executed
[tick  100] score={'score.facility-integrity': 2.0} states=('state.active',) fires_total=2
[tick  103] 开火[蓝] defender.usv-02 -> sensor.contact.defender.usv-02.intruder.boat-93 (weapon.surface-missile@2.0.0) status=executed
[tick  115] 开火[蓝] defender.usv-02 -> sensor.contact.defender.usv-02.intruder.boat-93 (weapon.surface-missile@2.0.0) status=executed
[tick  175] 开火[红] intruder.uav-01 -> sensor.contact.intruder.uav-01.facility.command (weapon.loitering-munition@2.0.0) status=executed
[tick  175] 开火[红] intruder.uav-03 -> sensor.contact.intruder.uav-03.facility.command (weapon.loitering-munition@2.0.0) status=executed
[tick  200] score={'score.facility-integrity': 2.0} states=('state.active',) fires_total=6
[tick  202] 开火[红] intruder.uav-02 -> sensor.contact.intruder.uav-02.facility.command (weapon.loitering-munition@2.0.0) status=executed
[tick  205] 开火[红] intruder.uav-94 -> sensor.contact.intruder.uav-94.facility.command (weapon.loitering-munition@2.0.0) status=executed
[tick  210] 开火[红] intruder.uav-04 -> sensor.contact.intruder.uav-04.facility.command (weapon.loitering-munition@2.0.0) status=executed
[tick  240] 开火[蓝] defender.usv-03 -> sensor.contact.defender.usv-03.intruder.boat-03 (weapon.surface-missile@2.0.0) status=executed
[tick  252] 开火[蓝] defender.usv-03 -> sensor.contact.defender.usv-03.intruder.boat-03 (weapon.surface-missile@2.0.0) status=executed
[tick  300] score={'score.facility-integrity': 2.0} states=('state.active',) fires_total=11
[tick  400] score={'score.facility-integrity': 2.0} states=('state.active',) fires_total=11
[tick  400] 开火[蓝] defender.usv-01 -> sensor.contact.defender.usv-01.intruder.boat-01 (weapon.surface-missile@2.0.0) status=executed
[tick  412] 开火[蓝] defender.usv-01 -> sensor.contact.defender.usv-01.intruder.boat-01 (weapon.surface-missile@2.0.0) status=executed
[tick  430] 开火[蓝] defender.uav-04 -> sensor.contact.defender.uav-04.intruder.uav-04 (weapon.air-interceptor-munition@2.0.0) status=executed
[tick  430] 开火[蓝] defender.uav-03 -> sensor.contact.defender.uav-03.intruder.uav-02 (weapon.air-interceptor-munition@2.0.0) status=executed
[tick  442] 开火[蓝] defender.uav-03 -> sensor.contact.defender.uav-03.intruder.uav-02 (weapon.air-interceptor-munition@2.0.0) status=executed
[tick  442] 开火[蓝] defender.uav-04 -> sensor.contact.defender.uav-04.intruder.uav-04 (weapon.air-interceptor-munition@2.0.0) status=executed
[tick  450] 开火[蓝] defender.uav-04 -> sensor.contact.defender.uav-04.intruder.uav-03 (weapon.air-interceptor-munition@2.0.0) status=executed
[tick  500] score={'score.facility-integrity': 2.0} states=('state.active',) fires_total=18
[tick  592] 开火[蓝] defender.usv-05 -> sensor.contact.defender.usv-05.intruder.boat-02 (weapon.surface-missile@2.0.0) status=executed
[tick  600] score={'score.facility-integrity': 2.0} states=('state.active',) fires_total=19
[tick  604] 开火[蓝] defender.usv-05 -> sensor.contact.defender.usv-05.intruder.boat-02 (weapon.surface-missile@2.0.0) status=executed
[tick  700] score={'score.facility-integrity': 2.0} states=('state.active',) fires_total=20
[tick  800] score={'score.facility-integrity': 2.0} states=('state.active',) fires_total=20
[tick  900] score={'score.facility-integrity': 2.0} states=('state.active',) fires_total=20
[tick 1000] score={'score.facility-integrity': 2.0} states=('state.active',) fires_total=20
[tick 1100] score={'score.facility-integrity': 2.0} states=('state.active',) fires_total=20
[tick 1199] 终局达成，立即终止: defender_success (rule.defence-success)

== 策略记分卡 ==
  rule       overall=0.537 w=1.00 term=1.00 fac=0.40 depth=0.01 leak=0.29 exch=1.00 ammo=0.80 surf=0.67 | depth_mean=231.8 intercept=0.57 release=0.71
  无人机损失 蓝 0/4  红 4/7
  无人船损失 蓝 0/5  红 4/6
  拦截纵深 mean=231.8 m  拦截率=0.5714  漏防率=0.7143
  设施加权存活=0.4  摧毁=1  失能=1
  总体策略评分 防守方=0.5366  突防方=0.4634
[Taichi] version 1.7.3, llvm 15.0.4, commit 5ec301be, linux, python 3.11.16
[Taichi] Starting on arch=x64
