[tick    1] score={'score.facility-integrity': 2.0} states=('state.active',) fires_total=0
[tick   43] 开火[蓝] defender.uav-01 -> sensor.contact.defender.uav-01.intruder.uav-01 (weapon.air-interceptor-munition@2.0.0) status=executed
[tick   55] 开火[蓝] defender.uav-01 -> sensor.contact.defender.uav-01.intruder.uav-01 (weapon.air-interceptor-munition@2.0.0) status=executed
[tick   80] 开火[蓝] defender.uav-02 -> sensor.contact.defender.uav-02.intruder.uav-03 (weapon.air-interceptor-munition@2.0.0) status=executed
[tick   92] 开火[蓝] defender.uav-02 -> sensor.contact.defender.uav-02.intruder.uav-03 (weapon.air-interceptor-munition@2.0.0) status=executed
[tick  100] score={'score.facility-integrity': 2.0} states=('state.active',) fires_total=4
[tick  103] 开火[蓝] defender.usv-02 -> sensor.contact.defender.usv-02.intruder.boat-93 (weapon.surface-missile@2.0.0) status=executed
[tick  115] 开火[蓝] defender.usv-02 -> sensor.contact.defender.usv-02.intruder.boat-93 (weapon.surface-missile@2.0.0) status=executed
[tick  120] 开火[蓝] defender.uav-01 -> sensor.contact.defender.uav-01.intruder.uav-02 (weapon.air-interceptor-munition@2.0.0) status=executed
[tick  200] score={'score.facility-integrity': 2.0} states=('state.active',) fires_total=7
[tick  202] 开火[红] intruder.uav-02 -> sensor.contact.intruder.uav-02.facility.command (weapon.loitering-munition@2.0.0) status=executed
[tick  205] 开火[红] intruder.uav-94 -> sensor.contact.intruder.uav-94.facility.command (weapon.loitering-munition@2.0.0) status=executed
[tick  210] 开火[红] intruder.uav-04 -> sensor.contact.intruder.uav-04.facility.command (weapon.loitering-munition@2.0.0) status=executed
[tick  240] 开火[蓝] defender.usv-03 -> sensor.contact.defender.usv-03.intruder.boat-03 (weapon.surface-missile@2.0.0) status=executed
[tick  252] 开火[蓝] defender.usv-03 -> sensor.contact.defender.usv-03.intruder.boat-03 (weapon.surface-missile@2.0.0) status=executed
[tick  300] score={'score.facility-integrity': 2.0} states=('state.active',) fires_total=12
[tick  367] 开火[红] intruder.boat-03 -> sensor.contact.intruder.boat-03.defender.usv-01 (weapon.suicide-warhead@2.0.0) status=executed
[tick  400] score={'score.facility-integrity': 2.0} states=('state.active',) fires_total=13
[tick  400] 开火[蓝] defender.usv-05 -> sensor.contact.defender.usv-05.intruder.boat-01 (weapon.surface-missile@2.0.0) status=executed
[tick  412] 开火[蓝] defender.usv-05 -> sensor.contact.defender.usv-05.intruder.boat-01 (weapon.surface-missile@2.0.0) status=executed
[tick  478] 开火[红] intruder.boat-01 -> sensor.contact.intruder.boat-01.defender.usv-04 (weapon.suicide-warhead@2.0.0) status=executed
[tick  500] score={'score.facility-integrity': 2.0} states=('state.active',) fires_total=16
[tick  600] score={'score.facility-integrity': 2.0} states=('state.active',) fires_total=16
[tick  700] score={'score.facility-integrity': 2.0} states=('state.active',) fires_total=16
[tick  800] score={'score.facility-integrity': 2.0} states=('state.active',) fires_total=16
[tick  900] score={'score.facility-integrity': 2.0} states=('state.active',) fires_total=16
[tick 1000] score={'score.facility-integrity': 2.0} states=('state.active',) fires_total=16
[tick 1100] score={'score.facility-integrity': 2.0} states=('state.active',) fires_total=16
[tick 1199] 终局达成，立即终止: defender_success (rule.defence-success)

== 策略记分卡 ==
  rule       overall=0.467 w=1.00 term=1.00 fac=0.17 depth=0.08 leak=0.80 exch=0.67 ammo=0.73 surf=0.25 | depth_mean=11679.4 intercept=0.13 release=0.20
  无人机损失 蓝 2/4  红 2/15
  无人船损失 蓝 2/5  红 3/12
  拦截纵深 mean=11679.4 m  拦截率=0.1333  漏防率=0.2
  设施加权存活=0.1731  摧毁=1  失能=2
  总体策略评分 防守方=0.4669  突防方=0.5331
[Taichi] version 1.7.3, llvm 15.0.4, commit 5ec301be, linux, python 3.11.16
[Taichi] Starting on arch=x64
