[tick    1] score={'score.facility-integrity': 2.0} states=('state.active',) fires_total=0
[tick   24] 开火[蓝] defender.uav-04 -> sensor.contact.defender.uav-04.intruder.uav-01 (weapon.air-interceptor-munition@2.0.0) status=executed
[tick   36] 开火[蓝] defender.uav-04 -> sensor.contact.defender.uav-04.intruder.uav-01 (weapon.air-interceptor-munition@2.0.0) status=executed
[tick   70] 开火[蓝] defender.uav-03 -> sensor.contact.defender.uav-03.intruder.uav-03 (weapon.air-interceptor-munition@2.0.0) status=executed
[tick   82] 开火[蓝] defender.uav-03 -> sensor.contact.defender.uav-03.intruder.uav-03 (weapon.air-interceptor-munition@2.0.0) status=executed
[tick  100] score={'score.facility-integrity': 2.0} states=('state.active',) fires_total=4
[tick  108] 开火[蓝] defender.usv-05 -> sensor.contact.defender.usv-05.intruder.boat-93 (weapon.surface-missile@2.0.0) status=executed
[tick  120] 开火[蓝] defender.usv-05 -> sensor.contact.defender.usv-05.intruder.boat-93 (weapon.surface-missile@2.0.0) status=executed
[tick  140] 开火[蓝] defender.uav-02 -> sensor.contact.defender.uav-02.intruder.uav-02 (weapon.air-interceptor-munition@2.0.0) status=executed
[tick  152] 开火[蓝] defender.uav-02 -> sensor.contact.defender.uav-02.intruder.uav-02 (weapon.air-interceptor-munition@2.0.0) status=executed
[tick  180] 开火[蓝] defender.uav-04 -> sensor.contact.defender.uav-04.intruder.uav-94 (weapon.air-interceptor-munition@2.0.0) status=executed
[tick  200] score={'score.facility-integrity': 2.0} states=('state.active',) fires_total=9
[tick  205] 开火[红] intruder.uav-94 -> sensor.contact.intruder.uav-94.facility.command (weapon.loitering-munition@2.0.0) status=executed
[tick  210] 开火[红] intruder.uav-04 -> sensor.contact.intruder.uav-04.facility.command (weapon.loitering-munition@2.0.0) status=executed
[tick  300] score={'score.facility-integrity': 2.0} states=('state.active',) fires_total=11
[tick  380] 开火[红] intruder.boat-93 -> sensor.contact.intruder.boat-93.defender.usv-04 (weapon.suicide-warhead@2.0.0) status=executed
[tick  400] score={'score.facility-integrity': 2.0} states=('state.active',) fires_total=12
[tick  500] score={'score.facility-integrity': 2.0} states=('state.active',) fires_total=12
[tick  520] 开火[红] intruder.boat-03 -> sensor.contact.intruder.boat-03.defender.usv-03 (weapon.suicide-warhead@2.0.0) status=executed
[tick  600] score={'score.facility-integrity': 2.0} states=('state.active',) fires_total=13
[tick  700] score={'score.facility-integrity': 2.0} states=('state.active',) fires_total=13
[tick  730] 开火[蓝] defender.usv-01 -> sensor.contact.defender.usv-01.intruder.boat-03 (weapon.surface-missile@2.0.0) status=executed
[tick  742] 开火[蓝] defender.usv-01 -> sensor.contact.defender.usv-01.intruder.boat-03 (weapon.surface-missile@2.0.0) status=executed
[tick  800] score={'score.facility-integrity': 2.0} states=('state.active',) fires_total=15
[tick  840] 开火[蓝] defender.usv-02 -> sensor.contact.defender.usv-02.intruder.boat-01 (weapon.surface-missile@2.0.0) status=executed
[tick  852] 开火[蓝] defender.usv-02 -> sensor.contact.defender.usv-02.intruder.boat-01 (weapon.surface-missile@2.0.0) status=executed
[tick  900] score={'score.facility-integrity': 2.0} states=('state.active',) fires_total=17
[tick 1000] score={'score.facility-integrity': 2.0} states=('state.active',) fires_total=17
[tick 1100] score={'score.facility-integrity': 2.0} states=('state.active',) fires_total=17
[tick 1199] 终局达成，立即终止: defender_success (rule.defence-success)

== 策略记分卡 ==
  rule       overall=0.561 w=1.00 term=1.00 fac=0.41 depth=0.16 leak=0.80 exch=0.67 ammo=0.62 surf=0.50 | depth_mean=10747.7 intercept=0.30 release=0.20
  无人机损失 蓝 2/4  红 3/10
  无人船损失 蓝 2/5  红 4/8
  拦截纵深 mean=10747.7 m  拦截率=0.3  漏防率=0.2
  设施加权存活=0.4062  摧毁=0  失能=2
  总体策略评分 防守方=0.5612  突防方=0.4388
[Taichi] version 1.7.3, llvm 15.0.4, commit 5ec301be, linux, python 3.11.16
[Taichi] Starting on arch=x64
