[tick    1] score={'score.facility-integrity': 2.0} states=('state.active',) fires_total=0
[tick   27] 开火[蓝] defender.uav-04 -> sensor.contact.defender.uav-04.intruder.uav-01 (weapon.air-interceptor-munition@2.0.0) status=executed
[tick   39] 开火[蓝] defender.uav-04 -> sensor.contact.defender.uav-04.intruder.uav-01 (weapon.air-interceptor-munition@2.0.0) status=executed
[tick   70] 开火[蓝] defender.uav-03 -> sensor.contact.defender.uav-03.intruder.uav-03 (weapon.air-interceptor-munition@2.0.0) status=executed
[tick   82] 开火[蓝] defender.uav-03 -> sensor.contact.defender.uav-03.intruder.uav-03 (weapon.air-interceptor-munition@2.0.0) status=executed
[tick  100] score={'score.facility-integrity': 2.0} states=('state.active',) fires_total=4
[tick  100] 开火[蓝] defender.usv-02 -> sensor.contact.defender.usv-02.intruder.boat-93 (weapon.surface-missile@2.0.0) status=executed
[tick  112] 开火[蓝] defender.usv-02 -> sensor.contact.defender.usv-02.intruder.boat-93 (weapon.surface-missile@2.0.0) status=executed
[tick  120] 开火[蓝] defender.uav-04 -> sensor.contact.defender.uav-04.intruder.uav-02 (weapon.air-interceptor-munition@2.0.0) status=executed
[tick  140] 开火[蓝] defender.uav-01 -> sensor.contact.defender.uav-01.intruder.uav-94 (weapon.air-interceptor-munition@2.0.0) status=executed
[tick  152] 开火[蓝] defender.uav-01 -> sensor.contact.defender.uav-01.intruder.uav-94 (weapon.air-interceptor-munition@2.0.0) status=executed
[tick  180] 开火[蓝] defender.uav-03 -> sensor.contact.defender.uav-03.intruder.uav-04 (weapon.air-interceptor-munition@2.0.0) status=executed
[tick  200] score={'score.facility-integrity': 2.0} states=('state.active',) fires_total=10
[tick  230] 开火[蓝] defender.usv-04 -> sensor.contact.defender.usv-04.intruder.boat-03 (weapon.surface-missile@2.0.0) status=executed
[tick  242] 开火[蓝] defender.usv-04 -> sensor.contact.defender.usv-04.intruder.boat-03 (weapon.surface-missile@2.0.0) status=executed
[tick  300] score={'score.facility-integrity': 2.0} states=('state.active',) fires_total=12
[tick  391] 开火[红] intruder.boat-03 -> sensor.contact.intruder.boat-03.defender.usv-01 (weapon.suicide-warhead@2.0.0) status=executed
[tick  400] score={'score.facility-integrity': 2.0} states=('state.active',) fires_total=13
[tick  500] score={'score.facility-integrity': 2.0} states=('state.active',) fires_total=13
[tick  600] score={'score.facility-integrity': 2.0} states=('state.active',) fires_total=13
[tick  700] score={'score.facility-integrity': 2.0} states=('state.active',) fires_total=13
[tick  708] 开火[红] intruder.boat-01 -> sensor.contact.intruder.boat-01.defender.usv-03 (weapon.suicide-warhead@2.0.0) status=executed
[tick  800] score={'score.facility-integrity': 2.0} states=('state.active',) fires_total=14
[tick  810] 开火[蓝] defender.usv-05 -> sensor.contact.defender.usv-05.intruder.boat-01 (weapon.surface-missile@2.0.0) status=executed
[tick  822] 开火[蓝] defender.usv-05 -> sensor.contact.defender.usv-05.intruder.boat-01 (weapon.surface-missile@2.0.0) status=executed
[tick  900] score={'score.facility-integrity': 2.0} states=('state.active',) fires_total=16
[tick  911] 终局达成，立即终止: defender_success (rule.intruders-destroyed)

== 策略记分卡 ==
  rule       overall=0.842 w=1.00 term=1.00 fac=0.77 depth=0.53 leak=1.00 exch=1.00 ammo=0.86 surf=1.00 | depth_mean=10596.4 intercept=1.00 release=0.00
  无人机损失 蓝 0/4  红 5/5
  无人船损失 蓝 2/5  红 4/4
  拦截纵深 mean=10596.4 m  拦截率=1.0  漏防率=0.0
  设施加权存活=0.7741  摧毁=0  失能=1
  总体策略评分 防守方=0.8423  突防方=0.1577
[Taichi] version 1.7.3, llvm 15.0.4, commit 5ec301be, linux, python 3.11.16
[Taichi] Starting on arch=x64
